########## 자세구속 O ##########
 1/20 r=0.35 az=-45 el=-20 (+0.233,-0.233,+0.321) -> SUCCESS
 2/20 r=0.35 az=-15 el=+10 (+0.333,-0.089,+0.502) -> SUCCESS
 3/20 r=0.35 az=+15 el=-20 (+0.318,+0.085,+0.321) -> SUCCESS
 4/20 r=0.35 az=+45 el=+10 (+0.244,+0.244,+0.502) -> SUCCESS
 5/20 r=0.50 az=-45 el=-20 (+0.332,-0.332,+0.270) -> SUCCESS
 6/20 r=0.50 az=-15 el=+10 (+0.476,-0.127,+0.528) -> SUCCESS
 7/20 r=0.50 az=+15 el=-20 (+0.454,+0.122,+0.270) -> SUCCESS
 8/20 r=0.50 az=+45 el=+10 (+0.348,+0.348,+0.528) -> SUCCESS
 9/20 r=0.65 az=-45 el=-20 (+0.432,-0.432,+0.219) -> SUCCESS
10/20 r=0.65 az=-15 el=+10 (+0.618,-0.166,+0.554) -> SUCCESS
11/20 r=0.65 az=+15 el=-20 (+0.590,+0.158,+0.219) -> SUCCESS
12/20 r=0.65 az=+45 el=+10 (+0.453,+0.453,+0.554) -> SUCCESS
13/20 r=0.80 az=-45 el=-20 (+0.532,-0.532,+0.167) -> SUCCESS
14/20 r=0.80 az=-15 el=+10 (+0.761,-0.204,+0.580) -> FAILURE
15/20 r=0.80 az=+15 el=-20 (+0.726,+0.195,+0.167) -> SUCCESS
16/20 r=0.80 az=+45 el=+10 (+0.557,+0.557,+0.580) -> FAILURE
17/20 r=0.95 az=-45 el=-20 (+0.631,-0.631,+0.116) -> SUCCESS
18/20 r=0.95 az=-15 el=+10 (+0.904,-0.242,+0.606) -> FAILURE
19/20 r=0.95 az=+15 el=-20 (+0.862,+0.231,+0.116) -> SUCCESS
20/20 r=0.95 az=+45 el=+10 (+0.662,+0.662,+0.606) -> FAILURE

=== 자세구속 O · POS_TOL=0.0001 ===
표본 20 · 성공 16 · 실패 4 · 실패율 20.0%
  실패 #14 r=0.80 (+0.761,-0.204,+0.580) FAILURE
  실패 #16 r=0.80 (+0.557,+0.557,+0.580) FAILURE
  실패 #18 r=0.95 (+0.904,-0.242,+0.606) FAILURE
  실패 #20 r=0.95 (+0.662,+0.662,+0.606) FAILURE
성공 계획시간 min/중앙/max = 0.0056 / 0.0262 / 0.0576 s

########## 자세구속 X (위치만) ##########
 1/20 r=0.35 az=-45 el=-20 (+0.233,-0.233,+0.321) -> SUCCESS
 2/20 r=0.35 az=-15 el=+10 (+0.333,-0.089,+0.502) -> SUCCESS
 3/20 r=0.35 az=+15 el=-20 (+0.318,+0.085,+0.321) -> SUCCESS
 4/20 r=0.35 az=+45 el=+10 (+0.244,+0.244,+0.502) -> SUCCESS
 5/20 r=0.50 az=-45 el=-20 (+0.332,-0.332,+0.270) -> SUCCESS
 6/20 r=0.50 az=-15 el=+10 (+0.476,-0.127,+0.528) -> SUCCESS
 7/20 r=0.50 az=+15 el=-20 (+0.454,+0.122,+0.270) -> SUCCESS
 8/20 r=0.50 az=+45 el=+10 (+0.348,+0.348,+0.528) -> SUCCESS
 9/20 r=0.65 az=-45 el=-20 (+0.432,-0.432,+0.219) -> SUCCESS
10/20 r=0.65 az=-15 el=+10 (+0.618,-0.166,+0.554) -> SUCCESS
11/20 r=0.65 az=+15 el=-20 (+0.590,+0.158,+0.219) -> SUCCESS
12/20 r=0.65 az=+45 el=+10 (+0.453,+0.453,+0.554) -> SUCCESS
13/20 r=0.80 az=-45 el=-20 (+0.532,-0.532,+0.167) -> SUCCESS
14/20 r=0.80 az=-15 el=+10 (+0.761,-0.204,+0.580) -> FAILURE
15/20 r=0.80 az=+15 el=-20 (+0.726,+0.195,+0.167) -> SUCCESS
16/20 r=0.80 az=+45 el=+10 (+0.557,+0.557,+0.580) -> SUCCESS
17/20 r=0.95 az=-45 el=-20 (+0.631,-0.631,+0.116) -> SUCCESS
18/20 r=0.95 az=-15 el=+10 (+0.904,-0.242,+0.606) -> FAILURE
19/20 r=0.95 az=+15 el=-20 (+0.862,+0.231,+0.116) -> SUCCESS
20/20 r=0.95 az=+45 el=+10 (+0.662,+0.662,+0.606) -> FAILURE

=== 자세구속 X · POS_TOL=0.0001 ===
표본 20 · 성공 17 · 실패 3 · 실패율 15.0%
  실패 #14 r=0.80 (+0.761,-0.204,+0.580) FAILURE
  실패 #18 r=0.95 (+0.904,-0.242,+0.606) FAILURE
  실패 #20 r=0.95 (+0.662,+0.662,+0.606) FAILURE
성공 계획시간 min/중앙/max = 0.0126 / 0.0322 / 0.0624 s
