Waiting for an action server to become available...
Sending goal:
     request:
  workspace_parameters:
    header:
      stamp:
        sec: 0
        nanosec: 0
      frame_id: ''
    min_corner:
      x: 0.0
      y: 0.0
      z: 0.0
    max_corner:
      x: 0.0
      y: 0.0
      z: 0.0
  start_state:
    joint_state:
      header:
        stamp:
          sec: 0
          nanosec: 0
        frame_id: ''
      name: []
      position: []
      velocity: []
      effort: []
    multi_dof_joint_state:
      header:
        stamp:
          sec: 0
          nanosec: 0
        frame_id: ''
      joint_names: []
      transforms: []
      twist: []
      wrench: []
    attached_collision_objects: []
    is_diff: false
  goal_constraints:
  - name: ''
    joint_constraints: []
    position_constraints:
    - header:
        stamp:
          sec: 0
          nanosec: 0
        frame_id: base_link
      link_name: link6_1
      target_point_offset:
        x: 0.0
        y: 0.0
        z: 0.0
      constraint_region:
        primitives:
        - type: 2
          dimensions:
          - 0.0001
          polygon:
            points: []
        primitive_poses:
        - position:
            x: 0.490002988
            y: -0.170502203
            z: 0.39149616
          orientation:
            x: 0.0
            y: 0.0
            z: 0.0
            w: 1.0
        meshes: []
        mesh_poses: []
      weight: 1.0
    orientation_constraints:
    - header:
        stamp:
          sec: 0
          nanosec: 0
        frame_id: base_link
      orientation:
        x: 0.707106666
        y: 0.0
        z: 0.707106897
        w: 2.31e-07
      link_name: link6_1
      absolute_x_axis_tolerance: 0.001
      absolute_y_axis_tolerance: 0.001
      absolute_z_axis_tolerance: 0.001
      parameterization: 0
      weight: 1.0
    visibility_constraints: []
  path_constraints:
    name: ''
    joint_constraints: []
    position_constraints: []
    orientation_constraints: []
    visibility_constraints: []
  trajectory_constraints:
    constraints: []
  reference_trajectories: []
  pipeline_id: ''
  planner_id: ''
  group_name: hcr_arm
  num_planning_attempts: 5
  allowed_planning_time: 5.0
  max_velocity_scaling_factor: 0.1
  max_acceleration_scaling_factor: 0.1
  cartesian_speed_limited_link: ''
  max_cartesian_speed: 0.0
planning_options:
  planning_scene_diff:
    name: ''
    robot_state:
      joint_state:
        header:
          stamp:
            sec: 0
            nanosec: 0
          frame_id: ''
        name: []
        position: []
        velocity: []
        effort: []
      multi_dof_joint_state:
        header:
          stamp:
            sec: 0
            nanosec: 0
          frame_id: ''
        joint_names: []
        transforms: []
        twist: []
        wrench: []
      attached_collision_objects: []
      is_diff: true
    robot_model_name: ''
    fixed_frame_transforms: []
    allowed_collision_matrix:
      entry_names: []
      entry_values: []
      default_entry_names: []
      default_entry_values: []
    link_padding: []
    link_scale: []
    object_colors: []
    world:
      collision_objects: []
      octomap:
        header:
          stamp:
            sec: 0
            nanosec: 0
          frame_id: ''
        origin:
          position:
            x: 0.0
            y: 0.0
            z: 0.0
          orientation:
            x: 0.0
            y: 0.0
            z: 0.0
            w: 1.0
        octomap:
          header:
            stamp:
              sec: 0
              nanosec: 0
            frame_id: ''
          binary: false
          id: ''
          resolution: 0.0
          data: []
    is_diff: true
  plan_only: false
  look_around: false
  look_around_attempts: 0
  max_safe_execution_cost: 0.0
  replan: false
  replan_attempts: 0
  replan_delay: 0.0

Goal accepted with ID: 4f547e302d4f42c49fc615a41379f74e

Result:
    error_code:
  val: 1
  message: ''
  source: ''
trajectory_start:
  joint_state:
    header:
      stamp:
        sec: 0
        nanosec: 0
      frame_id: base_link
    name:
    - joint_1
    - joint_2
    - joint_3
    - joint_4
    - joint_5
    - joint_6
    position:
    - 1.570796
    - 0.0
    - 1.570796
    - 0.0
    - 1.570796
    - 0.0
    velocity:
    - 3.058727571810017e-08
    - -1.8311404941887637e-05
    - 0.00028359330232285914
    - 0.00030000000000000003
    - 7.25338155448975e-07
    - 2.044563877225822e-06
    effort: []
  multi_dof_joint_state:
    header:
      stamp:
        sec: 0
        nanosec: 0
      frame_id: base_link
    joint_names: []
    transforms: []
    twist: []
    wrench: []
  attached_collision_objects: []
  is_diff: false
planned_trajectory:
  joint_trajectory:
    header:
      stamp:
        sec: 0
        nanosec: 0
      frame_id: base_link
    joint_names:
    - joint_1
    - joint_2
    - joint_3
    - joint_4
    - joint_5
    - joint_6
    points:
    - positions:
      - 1.570796
      - 0.0
      - 1.570796
      - 0.0
      - 1.570796
      - 0.0
      velocities:
      - 3.058727571810017e-08
      - -1.8311404941887637e-05
      - 0.00028359330232285914
      - 0.00030000000000000003
      - 7.25338155448975e-07
      - 2.044563877225822e-06
      accelerations:
      - 3.058727571810017e-05
      - -0.018311404941887637
      - 0.2835933023228591
      - 0.30000000000000004
      - 0.0007253381554489749
      - 0.002044563877225822
      effort: []
      time_from_start:
        sec: 0
        nanosec: 0
    - positions:
      - 1.5707961529363788
      - -9.15570247094381e-05
      - 1.5722139665116144
      - 0.0014999999999999987
      - 1.5707996266907773
      - 1.0222819386129102e-05
      velocities:
      - 3.0587275718099903e-06
      - -0.0018311404941887476
      - 0.028359330232285665
      - 0.02999999999999974
      - 7.253381554489687e-05
      - 0.0002044563877225804
      accelerations:
      - 3.058727571807583e-05
      - -0.018311404941873007
      - 0.2835933023226341
      - 0.299999999999762
      - 0.0007253381554484026
      - 0.002044563877224191
      effort: []
      time_from_start:
        sec: 0
        nanosec: 100000000
    - positions:
      - 1.5707966117455143
      - -0.0003662280988377514
      - 1.576467866046457
      - 0.0059999999999999784
      - 1.570810506763109
      - 4.089127754451629e-05
      velocities:
      - 6.117455143620044e-06
      - -0.0036622809883775334
      - 0.05671866046457192
      - 0.0600000000000001
      - 0.00014506763108979522
      - 0.00040891277544516505
      accelerations:
      - 3.0587275718133854e-05
      - -0.0183114049419077
      - 0.2835933023231718
      - 0.3000000000003275
      - 0.0007253381554497714
      - 0.00204456387722804
      effort: []
      time_from_start:
        sec: 0
        nanosec: 200000000
    - positions:
      - 1.5707973764274075
      - -0.0008240132223849395
      - 1.5835576986045288
      - 0.013499999999999934
      - 1.5708286402169953
      - 9.200537447516153e-05
      velocities:
      - 9.176182715430036e-06
      - -0.005493421482566282
      - 0.0850779906968576
      - 0.08999999999999986
      - 0.00021760144663469211
      - 0.0006133691631677456
      accelerations:
      - 3.0587275718130466e-05
      - -0.018311404941905533
      - 0.2835933023231371
      - 0.30000000000028587
      - 0.000725338155449663
      - 0.002044563877227769
      effort: []
      time_from_start:
        sec: 0
        nanosec: 300000000
    - positions:
      - 1.5707984469820575
      - -0.001464912395351002
      - 1.5934834641858289
      - 0.023999999999999855
      - 1.570854027052436
      - 0.00016356511017806476
      velocities:
      - 1.223491028723951e-05
      - -0.007324561976754721
      - 0.11343732092913848
      - 0.11999999999999454
      - 0.0002901352621795768
      - 0.0008178255508902915
      accelerations:
      - 3.0587275717608694e-05
      - -0.018311404941593282
      - 0.28359330231829377
      - 0.29999999999517885
      - 0.0007253381554373302
      - 0.002044563877192966
      effort: []
      time_from_start:
        sec: 0
        nanosec: 400000000
    - positions:
      - 1.5707998234094647
      - -0.002288925617735939
      - 1.6062451627903571
      - 0.03749999999999975
      - 1.570886667269431
      - 0.000255570484653226
      velocities:
      - 1.5293637859049502e-05
      - -0.00915570247094347
      - 0.14179665116142418
      - 0.1499999999999943
      - 0.00036266907772447365
      - 0.001022281938612872
      accelerations:
      - 3.058727571760361e-05
      - -0.01831140494159068
      - 0.2835933023182799
      - 0.2999999999951372
      - 0.0007253381554372218
      - 0.0020445638771926407
      effort: []
      time_from_start:
        sec: 0
        nanosec: 500000000
    - positions:
      - 1.5708015057096292
      - -0.0032960528895397525
      - 1.6218427944181144
      - 0.053999999999999646
      - 1.570926560867981
      - 0.0003680214979006455
      velocities:
      - 1.8352365430860522e-05
      - -0.010986842965132833
      - 0.17015598139371937
      - 0.18000000000000413
      - 0.0004352028932693949
      - 0.0012267383263355213
      accelerations:
      - 3.0587275718630216e-05
      - -0.018311404942203038
      - 0.28359330232774455
      - 0.30000000000518473
      - 0.0007253381554614537
      - 0.0020445638772611623
      effort: []
      time_from_start:
        sec: 0
        nanosec: 600000000
    - positions:
      - 1.5708034938744717
      - -0.004486289374041772
      - 1.640276284161599
      - 0.07349992075888145
      - 1.5709737076564965
      - 0.0005009176098752312
      velocities:
      - 2.1349918451233444e-05
      - -0.012781360649437287
      - 0.19794812502135128
      - 0.20939999999999537
      - 0.0005062860325033734
      - 0.0014271055863035922
      accelerations:
      - -3.058727571844726e-05
      - 0.018311404942095485
      - -0.2835933023260792
      - -0.3000000000033806
      - -0.0007253381554571169
      - -0.0020445638772488024
      effort: []
      time_from_start:
        sec: 0
        nanosec: 700000000
    - positions:
      - 1.5708054789038892
      - -0.005674648802241046
      - 1.6586807034652549
      - 0.09296908926840772
      - 1.5710207800924125
      - 0.0006336041387225641
      velocities:
      - 1.8291190879423458e-05
      - -0.010950220155248542
      - 0.16958879478906566
      - 0.17939999999999567
      - 0.0004337522169584765
      - 0.001222649198581012
      accelerations:
      - -3.0587275718433704e-05
      - 0.018311404942088546
      - -0.2835933023259682
      - -0.3000000000032696
      - -0.0007253381554569542
      - -0.002044563877248152
      effort: []
      time_from_start:
        sec: 0
        nanosec: 800000000
    - positions:
      - 1.5708071580605494
      - -0.006679894181021446
      - 1.6742491897456824
      - 0.109438257777934
      - 1.571060599146774
      - 0.000745845028797639
      velocities:
      - 1.5232463307613466e-05
      - -0.009119079661059792
      - 0.14122946455677998
      - 0.14939999999999592
      - 0.00036121840141357963
      - 0.0010181928108584314
      accelerations:
      - -3.058727571843201e-05
      - 0.01831140494208681
      - -0.2835933023259127
      - -0.30000000000324184
      - -0.0007253381554567916
      - -0.002044563877247935
      effort: []
      time_from_start:
        sec: 0
        nanosec: 900000000
    - positions:
      - 1.5708085313444524
      - -0.007502025510382971
      - 1.686981743002881
      - 0.12290742628746033
      - 1.5710931648195812
      - 0.000837640280100456
      velocities:
      - 1.2173735735803475e-05
      - -0.007287939166871044
      - 0.1128701343244943
      - 0.11939999999999616
      - 0.0002886845858686827
      - 0.0008137364231358509
      accelerations:
      - -3.058727571842693e-05
      - 0.018311404942083342
      - -0.2835933023258849
      - -0.3000000000032002
      - -0.0007253381554567374
      - -0.0020445638772476097
      effort: []
      time_from_start:
        sec: 1
        nanosec: 0
    - positions:
      - 1.5708095987555981
      - -0.00814104279032562
      - 1.6968783632368512
      - 0.13337659479698666
      - 1.5711184771108337
      - 0.0009089898926310148
      velocities:
      - 9.115008163995514e-06
      - -0.005456798672683512
      - 0.08451080409222744
      - 0.08940000000001633
      - 0.00021615077032383399
      - 0.0006092800354134062
      accelerations:
      - -3.0587275716394056e-05
      - 0.01831140494086673
      - -0.28359330230705654
      - -0.29999999998327725
      - -0.0007253381554085438
      - -0.0020445638771118776
      effort: []
      time_from_start:
        sec: 1
        nanosec: 100000000
    - positions:
      - 1.5708103602939867
      - -0.008596946020849395
      - 1.7039390504475929
      - 0.14084576330651302
      - 1.5711365360205318
      - 0.0009598938663893155
      velocities:
      - 6.056280592184844e-06
      - -0.003625658178494357
      - 0.05615147385993547
      - 0.05940000000000991
      - 0.000143616954778921
      - 0.00040482364769078025
      accelerations:
      - -3.058727571706999e-05
      - 0.018311404941270922
      - -0.2835933023133085
      - -0.29999999998989696
      - -0.0007253381554245358
      - -0.0020445638771569804
      effort: []
      time_from_start:
        sec: 1
        nanosec: 200000000
    - positions:
      - 1.5708108159596181
      - -0.008869735201954295
      - 1.7081638046351058
      - 0.14531493181603938
      - 1.5711473415486754
      - 0.0009903522013753581
      velocities:
      - 2.997553020374174e-06
      - -0.0017945176843052024
      - 0.02779214362764351
      - 0.029400000000003507
      - 7.108313923400801e-05
      - 0.00020036725996815444
      accelerations:
      - -3.0587275717743806e-05
      - 0.018311404941674245
      - -0.2835933023195535
      - -0.2999999999965028
      - -0.0007253381554405278
      - -0.002044563877202002
      effort: []
      time_from_start:
        sec: 1
        nanosec: 300000000
    - positions:
      - 1.5708109657686455
      - -0.008959420003901458
      - 1.70955277556514
      - 0.14678425875569995
      - 1.571150894078316
      - 0.0010003659773242407
      velocities:
      - 1.58496076542836e-21
      - -9.488539829517563e-19
      - 1.4695138647277784e-17
      - 1.5545295174723114e-17
      - 3.7585319093145045e-20
      - 1.0594449658350583e-19
      accelerations:
      - -3.058727571664173e-05
      - 0.018311404941014527
      - -0.28359330230933705
      - -0.29999999998569565
      - -0.00072533815541439
      - -0.0020445638771283345
      effort: []
      time_from_start:
        sec: 1
        nanosec: 398972283
  multi_dof_joint_trajectory:
    header:
      stamp:
        sec: 0
        nanosec: 0
      frame_id: ''
    joint_names: []
    points: []
executed_trajectory:
  joint_trajectory:
    header:
      stamp:
        sec: 0
        nanosec: 0
      frame_id: ''
    joint_names: []
    points: []
  multi_dof_joint_trajectory:
    header:
      stamp:
        sec: 0
        nanosec: 0
      frame_id: ''
    joint_names: []
    points: []
planning_time: 0.0

Goal finished with status: SUCCEEDED
