=== P2 재측정 — /compute_ik 20점 프로브 · 시드 = 홈 · 공구치수 = 자리표시 값 (453b6c7) ===

###################### link=pen_tip ######################
 1/20 r=0.35 어깨거리=0.371m (+0.233,-0.233,+0.321) -> SUCCESS
 2/20 r=0.35 어깨거리=0.493m (+0.333,-0.089,+0.502) -> SUCCESS
 3/20 r=0.35 어깨거리=0.371m (+0.318,+0.085,+0.321) -> SUCCESS
 4/20 r=0.35 어깨거리=0.493m (+0.244,+0.244,+0.502) -> NO_IK_SOLUTION
 5/20 r=0.50 어깨거리=0.485m (+0.332,-0.332,+0.270) -> SUCCESS
 6/20 r=0.50 어깨거리=0.621m (+0.476,-0.127,+0.528) -> NO_IK_SOLUTION
 7/20 r=0.50 어깨거리=0.485m (+0.454,+0.122,+0.270) -> SUCCESS
 8/20 r=0.50 어깨거리=0.621m (+0.348,+0.348,+0.528) -> NO_IK_SOLUTION
 9/20 r=0.65 어깨거리=0.615m (+0.432,-0.432,+0.219) -> SUCCESS
10/20 r=0.65 어깨거리=0.758m (+0.618,-0.166,+0.554) -> NO_IK_SOLUTION
11/20 r=0.65 어깨거리=0.615m (+0.590,+0.158,+0.219) -> SUCCESS
12/20 r=0.65 어깨거리=0.758m (+0.453,+0.453,+0.554) -> NO_IK_SOLUTION
13/20 r=0.80 어깨거리=0.752m (+0.532,-0.532,+0.167) -> SUCCESS
14/20 r=0.80 어깨거리=0.898m (+0.761,-0.204,+0.580) -> NO_IK_SOLUTION
15/20 r=0.80 어깨거리=0.752m (+0.726,+0.195,+0.167) -> SUCCESS
16/20 r=0.80 어깨거리=0.898m (+0.557,+0.557,+0.580) -> NO_IK_SOLUTION
17/20 r=0.95 어깨거리=0.893m (+0.631,-0.631,+0.116) -> NO_IK_SOLUTION
18/20 r=0.95 어깨거리=1.041m (+0.904,-0.242,+0.606) -> NO_IK_SOLUTION
19/20 r=0.95 어깨거리=0.893m (+0.862,+0.231,+0.116) -> NO_IK_SOLUTION
20/20 r=0.95 어깨거리=1.041m (+0.662,+0.662,+0.606) -> NO_IK_SOLUTION

=== /compute_ik · link=pen_tip · timeout=0.005s · avoid_collisions=True ===
표본 20 · IK 성공 9 · IK 실패 11 · 실패율 55.0%
성공 최대 어깨거리 = 0.7520 m
실패 최소 어깨거리 = 0.4934 m
  IK실패 # 4 어깨거리=0.493 (+0.244,+0.244,+0.502) NO_IK_SOLUTION
  IK실패 # 6 어깨거리=0.621 (+0.476,-0.127,+0.528) NO_IK_SOLUTION
  IK실패 # 8 어깨거리=0.621 (+0.348,+0.348,+0.528) NO_IK_SOLUTION
  IK실패 #10 어깨거리=0.757 (+0.618,-0.166,+0.554) NO_IK_SOLUTION
  IK실패 #12 어깨거리=0.757 (+0.453,+0.453,+0.554) NO_IK_SOLUTION
  IK실패 #14 어깨거리=0.898 (+0.761,-0.204,+0.580) NO_IK_SOLUTION
  IK실패 #16 어깨거리=0.898 (+0.557,+0.557,+0.580) NO_IK_SOLUTION
  IK실패 #17 어깨거리=0.893 (+0.631,-0.631,+0.116) NO_IK_SOLUTION
  IK실패 #18 어깨거리=1.041 (+0.904,-0.242,+0.606) NO_IK_SOLUTION
  IK실패 #19 어깨거리=0.893 (+0.862,+0.231,+0.116) NO_IK_SOLUTION
  IK실패 #20 어깨거리=1.041 (+0.661,+0.661,+0.606) NO_IK_SOLUTION
[{"n": 1, "r": 0.35, "x": 0.2326, "y": -0.2326, "z": 0.3213, "d_shoulder": 0.3714, "val": 1, "name": "SUCCESS"}, {"n": 2, "r": 0.35, "x": 0.3329, "y": -0.0892, "z": 0.5018, "d_shoulder": 0.4934, "val": 1, "name": "SUCCESS"}, {"n": 3, "r": 0.35, "x": 0.3177, "y": 0.0851, "z": 0.3213, "d_shoulder": 0.3714, "val": 1, "name": "SUCCESS"}, {"n": 4, "r": 0.35, "x": 0.2437, "y": 0.2437, "z": 0.5018, "d_shoulder": 0.4934, "val": -31, "name": "NO_IK_SOLUTION"}, {"n": 5, "r": 0.5, "x": 0.3322, "y": -0.3322, "z": 0.27, "d_shoulder": 0.4852, "val": 1, "name": "SUCCESS"}, {"n": 6, "r": 0.5, "x": 0.4756, "y": -0.1274, "z": 0.5278, "d_shoulder": 0.6214, "val": -31, "name": "NO_IK_SOLUTION"}, {"n": 7, "r": 0.5, "x": 0.4538, "y": 0.1216, "z": 0.27, "d_shoulder": 0.4852, "val": 1, "name": "SUCCESS"}, {"n": 8, "r": 0.5, "x": 0.3482, "y": 0.3482, "z": 0.5278, "d_shoulder": 0.6214, "val": -31, "name": "NO_IK_SOLUTION"}, {"n": 9, "r": 0.65, "x": 0.4319, "y": -0.4319, "z": 0.2187, "d_shoulder": 0.6148, "val": 1, "name": "SUCCESS"}, {"n": 10, "r": 0.65, "x": 0.6183, "y": -0.1657, "z": 0.5539, "d_shoulder": 0.7575, "val": -31, "name": "NO_IK_SOLUTION"}, {"n": 11, "r": 0.65, "x": 0.59, "y": 0.1581, "z": 0.2187, "d_shoulder": 0.6148, "val": 1, "name": "SUCCESS"}, {"n": 12, "r": 0.65, "x": 0.4526, "y": 0.4526, "z": 0.5539, "d_shoulder": 0.7575, "val": -31, "name": "NO_IK_SOLUTION"}, {"n": 13, "r": 0.8, "x": 0.5316, "y": -0.5316, "z": 0.1674, "d_shoulder": 0.752, "val": 1, "name": "SUCCESS"}, {"n": 14, "r": 0.8, "x": 0.761, "y": -0.2039, "z": 0.5799, "d_shoulder": 0.8981, "val": -31, "name": "NO_IK_SOLUTION"}, {"n": 15, "r": 0.8, "x": 0.7261, "y": 0.1946, "z": 0.1674, "d_shoulder": 0.752, "val": 1, "name": "SUCCESS"}, {"n": 16, "r": 0.8, "x": 0.5571, "y": 0.5571, "z": 0.5799, "d_shoulder": 0.8981, "val": -31, "name": "NO_IK_SOLUTION"}, {"n": 17, "r": 0.95, "x": 0.6312, "y": -0.6312, "z": 0.1161, "d_shoulder": 0.8933, "val": -31, "name": "NO_IK_SOLUTION"}, {"n": 18, "r": 0.95, "x": 0.9037, "y": -0.2421, "z": 0.606, "d_shoulder": 1.0413, "val": -31, "name": "NO_IK_SOLUTION"}, {"n": 19, "r": 0.95, "x": 0.8623, "y": 0.231, "z": 0.1161, "d_shoulder": 0.8933, "val": -31, "name": "NO_IK_SOLUTION"}, {"n": 20, "r": 0.95, "x": 0.6615, "y": 0.6615, "z": 0.606, "d_shoulder": 1.0413, "val": -31, "name": "NO_IK_SOLUTION"}]

###################### link=link6_1 ######################
 1/20 r=0.35 어깨거리=0.371m (+0.233,-0.233,+0.321) -> SUCCESS
 2/20 r=0.35 어깨거리=0.493m (+0.333,-0.089,+0.502) -> SUCCESS
 3/20 r=0.35 어깨거리=0.371m (+0.318,+0.085,+0.321) -> SUCCESS
 4/20 r=0.35 어깨거리=0.493m (+0.244,+0.244,+0.502) -> SUCCESS
 5/20 r=0.50 어깨거리=0.485m (+0.332,-0.332,+0.270) -> SUCCESS
 6/20 r=0.50 어깨거리=0.621m (+0.476,-0.127,+0.528) -> SUCCESS
 7/20 r=0.50 어깨거리=0.485m (+0.454,+0.122,+0.270) -> SUCCESS
 8/20 r=0.50 어깨거리=0.621m (+0.348,+0.348,+0.528) -> SUCCESS
 9/20 r=0.65 어깨거리=0.615m (+0.432,-0.432,+0.219) -> SUCCESS
10/20 r=0.65 어깨거리=0.758m (+0.618,-0.166,+0.554) -> SUCCESS
11/20 r=0.65 어깨거리=0.615m (+0.590,+0.158,+0.219) -> SUCCESS
12/20 r=0.65 어깨거리=0.758m (+0.453,+0.453,+0.554) -> SUCCESS
13/20 r=0.80 어깨거리=0.752m (+0.532,-0.532,+0.167) -> SUCCESS
14/20 r=0.80 어깨거리=0.898m (+0.761,-0.204,+0.580) -> NO_IK_SOLUTION
15/20 r=0.80 어깨거리=0.752m (+0.726,+0.195,+0.167) -> SUCCESS
16/20 r=0.80 어깨거리=0.898m (+0.557,+0.557,+0.580) -> NO_IK_SOLUTION
17/20 r=0.95 어깨거리=0.893m (+0.631,-0.631,+0.116) -> SUCCESS
18/20 r=0.95 어깨거리=1.041m (+0.904,-0.242,+0.606) -> NO_IK_SOLUTION
19/20 r=0.95 어깨거리=0.893m (+0.862,+0.231,+0.116) -> SUCCESS
20/20 r=0.95 어깨거리=1.041m (+0.662,+0.662,+0.606) -> NO_IK_SOLUTION

=== /compute_ik · link=link6_1 · timeout=0.005s · avoid_collisions=True ===
표본 20 · IK 성공 16 · IK 실패 4 · 실패율 20.0%
성공 최대 어깨거리 = 0.8933 m
실패 최소 어깨거리 = 0.8981 m
  IK실패 #14 어깨거리=0.898 (+0.761,-0.204,+0.580) NO_IK_SOLUTION
  IK실패 #16 어깨거리=0.898 (+0.557,+0.557,+0.580) NO_IK_SOLUTION
  IK실패 #18 어깨거리=1.041 (+0.904,-0.242,+0.606) NO_IK_SOLUTION
  IK실패 #20 어깨거리=1.041 (+0.661,+0.661,+0.606) NO_IK_SOLUTION
[{"n": 1, "r": 0.35, "x": 0.2326, "y": -0.2326, "z": 0.3213, "d_shoulder": 0.3714, "val": 1, "name": "SUCCESS"}, {"n": 2, "r": 0.35, "x": 0.3329, "y": -0.0892, "z": 0.5018, "d_shoulder": 0.4934, "val": 1, "name": "SUCCESS"}, {"n": 3, "r": 0.35, "x": 0.3177, "y": 0.0851, "z": 0.3213, "d_shoulder": 0.3714, "val": 1, "name": "SUCCESS"}, {"n": 4, "r": 0.35, "x": 0.2437, "y": 0.2437, "z": 0.5018, "d_shoulder": 0.4934, "val": 1, "name": "SUCCESS"}, {"n": 5, "r": 0.5, "x": 0.3322, "y": -0.3322, "z": 0.27, "d_shoulder": 0.4852, "val": 1, "name": "SUCCESS"}, {"n": 6, "r": 0.5, "x": 0.4756, "y": -0.1274, "z": 0.5278, "d_shoulder": 0.6214, "val": 1, "name": "SUCCESS"}, {"n": 7, "r": 0.5, "x": 0.4538, "y": 0.1216, "z": 0.27, "d_shoulder": 0.4852, "val": 1, "name": "SUCCESS"}, {"n": 8, "r": 0.5, "x": 0.3482, "y": 0.3482, "z": 0.5278, "d_shoulder": 0.6214, "val": 1, "name": "SUCCESS"}, {"n": 9, "r": 0.65, "x": 0.4319, "y": -0.4319, "z": 0.2187, "d_shoulder": 0.6148, "val": 1, "name": "SUCCESS"}, {"n": 10, "r": 0.65, "x": 0.6183, "y": -0.1657, "z": 0.5539, "d_shoulder": 0.7575, "val": 1, "name": "SUCCESS"}, {"n": 11, "r": 0.65, "x": 0.59, "y": 0.1581, "z": 0.2187, "d_shoulder": 0.6148, "val": 1, "name": "SUCCESS"}, {"n": 12, "r": 0.65, "x": 0.4526, "y": 0.4526, "z": 0.5539, "d_shoulder": 0.7575, "val": 1, "name": "SUCCESS"}, {"n": 13, "r": 0.8, "x": 0.5316, "y": -0.5316, "z": 0.1674, "d_shoulder": 0.752, "val": 1, "name": "SUCCESS"}, {"n": 14, "r": 0.8, "x": 0.761, "y": -0.2039, "z": 0.5799, "d_shoulder": 0.8981, "val": -31, "name": "NO_IK_SOLUTION"}, {"n": 15, "r": 0.8, "x": 0.7261, "y": 0.1946, "z": 0.1674, "d_shoulder": 0.752, "val": 1, "name": "SUCCESS"}, {"n": 16, "r": 0.8, "x": 0.5571, "y": 0.5571, "z": 0.5799, "d_shoulder": 0.8981, "val": -31, "name": "NO_IK_SOLUTION"}, {"n": 17, "r": 0.95, "x": 0.6312, "y": -0.6312, "z": 0.1161, "d_shoulder": 0.8933, "val": 1, "name": "SUCCESS"}, {"n": 18, "r": 0.95, "x": 0.9037, "y": -0.2421, "z": 0.606, "d_shoulder": 1.0413, "val": -31, "name": "NO_IK_SOLUTION"}, {"n": 19, "r": 0.95, "x": 0.8623, "y": 0.231, "z": 0.1161, "d_shoulder": 0.8933, "val": 1, "name": "SUCCESS"}, {"n": 20, "r": 0.95, "x": 0.6615, "y": 0.6615, "z": 0.606, "d_shoulder": 1.0413, "val": -31, "name": "NO_IK_SOLUTION"}]
