
=== z = 0.10 m ===   도달 276/336 (82.1%) · x 0.20~0.90 · y -0.50~0.50 · 어깨거리 0.320~0.923 m
  (y = -0.50 … +0.50, 0.05 간격 · '#'=IK 성공)
  x=0.20 |######.........######|
  x=0.25 |#######.......#######|
  x=0.30 |#########...#########|
  x=0.35 |#####################|
  x=0.40 |#####################|
  x=0.45 |#####################|
  x=0.50 |#####################|
  x=0.55 |#####################|
  x=0.60 |#####################|
  x=0.65 |#####################|
  x=0.70 |#####################|
  x=0.75 |#####################|
  x=0.80 |.###################.|
  x=0.85 |...###############...|
  x=0.90 |......#########......|
  x=0.95 |.....................|

=== z = 0.20 m ===   도달 287/336 (85.4%) · x 0.20~0.90 · y -0.50~0.50 · 어깨거리 0.206~0.907 m
  (y = -0.50 … +0.50, 0.05 간격 · '#'=IK 성공)
  x=0.20 |#####################|
  x=0.25 |#####################|
  x=0.30 |#####################|
  x=0.35 |#####################|
  x=0.40 |#####################|
  x=0.45 |#####################|
  x=0.50 |#####################|
  x=0.55 |#####################|
  x=0.60 |#####################|
  x=0.65 |#####################|
  x=0.70 |#####################|
  x=0.75 |#####################|
  x=0.80 |..#################..|
  x=0.85 |....#############....|
  x=0.90 |........#####........|
  x=0.95 |.....................|

=== z = 0.30 m ===   도달 274/336 (81.5%) · x 0.20~0.85 · y -0.50~0.50 · 어깨거리 0.251~0.888 m
  (y = -0.50 … +0.50, 0.05 간격 · '#'=IK 성공)
  x=0.20 |#####################|
  x=0.25 |#####################|
  x=0.30 |#####################|
  x=0.35 |#####################|
  x=0.40 |#####################|
  x=0.45 |#####################|
  x=0.50 |#####################|
  x=0.55 |#####################|
  x=0.60 |#####################|
  x=0.65 |#####################|
  x=0.70 |#####################|
  x=0.75 |.###################.|
  x=0.80 |...###############...|
  x=0.85 |......#########......|
  x=0.90 |.....................|
  x=0.95 |.....................|

=== z = 0.40 m ===   도달 251/336 (74.7%) · x 0.20~0.80 · y -0.50~0.50 · 어깨거리 0.321~0.865 m
  (y = -0.50 … +0.50, 0.05 간격 · '#'=IK 성공)
  x=0.20 |#####################|
  x=0.25 |#####################|
  x=0.30 |#####################|
  x=0.35 |#####################|
  x=0.40 |#####################|
  x=0.45 |#####################|
  x=0.50 |#####################|
  x=0.55 |#####################|
  x=0.60 |#####################|
  x=0.65 |#####################|
  x=0.70 |..#################..|
  x=0.75 |...###############...|
  x=0.80 |......#########......|
  x=0.85 |.....................|
  x=0.90 |.....................|
  x=0.95 |.....................|

=== 총계 · timeout=0.005s ===
표본 1344 · IK 성공 1088 · 실패 256 · 성공률 81.0%
  z=0.10: 도달 276/336 (82.1%) · x 0.20~0.90 · y -0.50~0.50 · 어깨거리 0.320~0.923 m
  z=0.20: 도달 287/336 (85.4%) · x 0.20~0.90 · y -0.50~0.50 · 어깨거리 0.206~0.907 m
  z=0.30: 도달 274/336 (81.5%) · x 0.20~0.85 · y -0.50~0.50 · 어깨거리 0.251~0.888 m
  z=0.40: 도달 251/336 (74.7%) · x 0.20~0.80 · y -0.50~0.50 · 어깨거리 0.321~0.865 m
