{
  "joint_names": [
    "joint_1",
    "joint_2",
    "joint_3",
    "joint_4",
    "joint_5",
    "joint_6"
  ],
  "n_joint_states": 4007,
  "n_controller_state": 4000,
  "js_span_s": 40.0598,
  "js_publish_hz": 100.025,
  "js_value_change_count": 43,
  "js_value_change_hz": 1.073,
  "js_peak_to_peak_deg": [
    0.0,
    0.014304,
    0.016534,
    0.051505,
    0.0,
    0.0
  ],
  "vel_moving_samples": 176,
  "vel_sign_match_pct": 100.0,
  "vel_rel_err_median": 0.7001,
  "vel_rel_err_p90": 0.8529,
  "track_max_abs_err_deg": [
    5.0,
    0.0141,
    0.0164,
    0.0513,
    0.0,
    0.0
  ],
  "track_final_err_deg": [
    5.0,
    0.0052,
    -0.0022,
    0.0513,
    0.0,
    0.0
  ],
  "track_final_reference_deg": [
    95.0026,
    -0.0132,
    90.004,
    -0.1493,
    90.0024,
    0.0016
  ],
  "track_final_feedback_deg": [
    90.0026,
    -0.0184,
    90.0063,
    -0.2006,
    90.0024,
    0.0016
  ]
}
