# P2 C단계 — IK timeout 전/후 비교 (재실행: DOMAIN=0 스택, 로봇 자세가 달라 IK 시드가 다르다)
# 최초 측정은 DOMAIN=2 스택. 값이 같으면 시드 독립이다.

########## IK timeout = 0.005s ##########
 1/20 r=0.35 어깨거리=0.371m (+0.233,-0.233,+0.321) -> SUCCESS
 2/20 r=0.35 어깨거리=0.493m (+0.333,-0.089,+0.502) -> SUCCESS
 3/20 r=0.35 어깨거리=0.371m (+0.318,+0.085,+0.321) -> SUCCESS
 4/20 r=0.35 어깨거리=0.493m (+0.244,+0.244,+0.502) -> SUCCESS
 5/20 r=0.50 어깨거리=0.485m (+0.332,-0.332,+0.270) -> SUCCESS
 6/20 r=0.50 어깨거리=0.621m (+0.476,-0.127,+0.528) -> SUCCESS
 7/20 r=0.50 어깨거리=0.485m (+0.454,+0.122,+0.270) -> SUCCESS
 8/20 r=0.50 어깨거리=0.621m (+0.348,+0.348,+0.528) -> SUCCESS
 9/20 r=0.65 어깨거리=0.615m (+0.432,-0.432,+0.219) -> SUCCESS
10/20 r=0.65 어깨거리=0.758m (+0.618,-0.166,+0.554) -> SUCCESS
11/20 r=0.65 어깨거리=0.615m (+0.590,+0.158,+0.219) -> SUCCESS
12/20 r=0.65 어깨거리=0.758m (+0.453,+0.453,+0.554) -> SUCCESS
13/20 r=0.80 어깨거리=0.752m (+0.532,-0.532,+0.167) -> SUCCESS
14/20 r=0.80 어깨거리=0.898m (+0.761,-0.204,+0.580) -> NO_IK_SOLUTION
15/20 r=0.80 어깨거리=0.752m (+0.726,+0.195,+0.167) -> SUCCESS
16/20 r=0.80 어깨거리=0.898m (+0.557,+0.557,+0.580) -> NO_IK_SOLUTION
17/20 r=0.95 어깨거리=0.893m (+0.631,-0.631,+0.116) -> SUCCESS
18/20 r=0.95 어깨거리=1.041m (+0.904,-0.242,+0.606) -> NO_IK_SOLUTION
19/20 r=0.95 어깨거리=0.893m (+0.862,+0.231,+0.116) -> SUCCESS
20/20 r=0.95 어깨거리=1.041m (+0.662,+0.662,+0.606) -> NO_IK_SOLUTION
=== /compute_ik · timeout=0.005s · avoid_collisions=True ===
표본 20 · IK 성공 16 · IK 실패 4 · 실패율 20.0%
성공 최대 어깨거리 = 0.8933 m
실패 최소 어깨거리 = 0.8981 m
  IK실패 #14 어깨거리=0.898 (+0.761,-0.204,+0.580) NO_IK_SOLUTION
  IK실패 #16 어깨거리=0.898 (+0.557,+0.557,+0.580) NO_IK_SOLUTION
  IK실패 #18 어깨거리=1.041 (+0.904,-0.242,+0.606) NO_IK_SOLUTION
  IK실패 #20 어깨거리=1.041 (+0.661,+0.661,+0.606) NO_IK_SOLUTION

########## IK timeout = 0.05s ##########
 1/20 r=0.35 어깨거리=0.371m (+0.233,-0.233,+0.321) -> SUCCESS
 2/20 r=0.35 어깨거리=0.493m (+0.333,-0.089,+0.502) -> SUCCESS
 3/20 r=0.35 어깨거리=0.371m (+0.318,+0.085,+0.321) -> SUCCESS
 4/20 r=0.35 어깨거리=0.493m (+0.244,+0.244,+0.502) -> SUCCESS
 5/20 r=0.50 어깨거리=0.485m (+0.332,-0.332,+0.270) -> SUCCESS
 6/20 r=0.50 어깨거리=0.621m (+0.476,-0.127,+0.528) -> SUCCESS
 7/20 r=0.50 어깨거리=0.485m (+0.454,+0.122,+0.270) -> SUCCESS
 8/20 r=0.50 어깨거리=0.621m (+0.348,+0.348,+0.528) -> SUCCESS
 9/20 r=0.65 어깨거리=0.615m (+0.432,-0.432,+0.219) -> SUCCESS
10/20 r=0.65 어깨거리=0.758m (+0.618,-0.166,+0.554) -> SUCCESS
11/20 r=0.65 어깨거리=0.615m (+0.590,+0.158,+0.219) -> SUCCESS
12/20 r=0.65 어깨거리=0.758m (+0.453,+0.453,+0.554) -> SUCCESS
13/20 r=0.80 어깨거리=0.752m (+0.532,-0.532,+0.167) -> SUCCESS
14/20 r=0.80 어깨거리=0.898m (+0.761,-0.204,+0.580) -> NO_IK_SOLUTION
15/20 r=0.80 어깨거리=0.752m (+0.726,+0.195,+0.167) -> SUCCESS
16/20 r=0.80 어깨거리=0.898m (+0.557,+0.557,+0.580) -> NO_IK_SOLUTION
17/20 r=0.95 어깨거리=0.893m (+0.631,-0.631,+0.116) -> SUCCESS
18/20 r=0.95 어깨거리=1.041m (+0.904,-0.242,+0.606) -> NO_IK_SOLUTION
19/20 r=0.95 어깨거리=0.893m (+0.862,+0.231,+0.116) -> SUCCESS
20/20 r=0.95 어깨거리=1.041m (+0.662,+0.662,+0.606) -> NO_IK_SOLUTION
=== /compute_ik · timeout=0.05s · avoid_collisions=True ===
표본 20 · IK 성공 16 · IK 실패 4 · 실패율 20.0%
성공 최대 어깨거리 = 0.8933 m
실패 최소 어깨거리 = 0.8981 m
  IK실패 #14 어깨거리=0.898 (+0.761,-0.204,+0.580) NO_IK_SOLUTION
  IK실패 #16 어깨거리=0.898 (+0.557,+0.557,+0.580) NO_IK_SOLUTION
  IK실패 #18 어깨거리=1.041 (+0.904,-0.242,+0.606) NO_IK_SOLUTION
  IK실패 #20 어깨거리=1.041 (+0.661,+0.661,+0.606) NO_IK_SOLUTION

########## IK timeout = 0.5s ##########
 1/20 r=0.35 어깨거리=0.371m (+0.233,-0.233,+0.321) -> SUCCESS
 2/20 r=0.35 어깨거리=0.493m (+0.333,-0.089,+0.502) -> SUCCESS
 3/20 r=0.35 어깨거리=0.371m (+0.318,+0.085,+0.321) -> SUCCESS
 4/20 r=0.35 어깨거리=0.493m (+0.244,+0.244,+0.502) -> SUCCESS
 5/20 r=0.50 어깨거리=0.485m (+0.332,-0.332,+0.270) -> SUCCESS
 6/20 r=0.50 어깨거리=0.621m (+0.476,-0.127,+0.528) -> SUCCESS
 7/20 r=0.50 어깨거리=0.485m (+0.454,+0.122,+0.270) -> SUCCESS
 8/20 r=0.50 어깨거리=0.621m (+0.348,+0.348,+0.528) -> SUCCESS
 9/20 r=0.65 어깨거리=0.615m (+0.432,-0.432,+0.219) -> SUCCESS
10/20 r=0.65 어깨거리=0.758m (+0.618,-0.166,+0.554) -> SUCCESS
11/20 r=0.65 어깨거리=0.615m (+0.590,+0.158,+0.219) -> SUCCESS
12/20 r=0.65 어깨거리=0.758m (+0.453,+0.453,+0.554) -> SUCCESS
13/20 r=0.80 어깨거리=0.752m (+0.532,-0.532,+0.167) -> SUCCESS
14/20 r=0.80 어깨거리=0.898m (+0.761,-0.204,+0.580) -> NO_IK_SOLUTION
15/20 r=0.80 어깨거리=0.752m (+0.726,+0.195,+0.167) -> SUCCESS
16/20 r=0.80 어깨거리=0.898m (+0.557,+0.557,+0.580) -> NO_IK_SOLUTION
17/20 r=0.95 어깨거리=0.893m (+0.631,-0.631,+0.116) -> SUCCESS
18/20 r=0.95 어깨거리=1.041m (+0.904,-0.242,+0.606) -> NO_IK_SOLUTION
19/20 r=0.95 어깨거리=0.893m (+0.862,+0.231,+0.116) -> SUCCESS
20/20 r=0.95 어깨거리=1.041m (+0.662,+0.662,+0.606) -> NO_IK_SOLUTION
=== /compute_ik · timeout=0.5s · avoid_collisions=True ===
표본 20 · IK 성공 16 · IK 실패 4 · 실패율 20.0%
성공 최대 어깨거리 = 0.8933 m
실패 최소 어깨거리 = 0.8981 m
  IK실패 #14 어깨거리=0.898 (+0.761,-0.204,+0.580) NO_IK_SOLUTION
  IK실패 #16 어깨거리=0.898 (+0.557,+0.557,+0.580) NO_IK_SOLUTION
  IK실패 #18 어깨거리=1.041 (+0.904,-0.242,+0.606) NO_IK_SOLUTION
  IK실패 #20 어깨거리=1.041 (+0.661,+0.661,+0.606) NO_IK_SOLUTION
