=== link=pen_tip · timeout=0.005s · avoid_collisions=True ===

=== z = +0.00 m ===   도달 281/336 (83.6%) · x 0.20~0.90 · y -0.50~0.50 · 어깨거리 0.254~0.918 m
  (y = -0.50 … +0.50, 0.05 간격 · '#'=IK 성공)
  x=0.20 |##########..#########|
  x=0.25 |##########.##########|
  x=0.30 |##########.##########|
  x=0.35 |##########.##########|
  x=0.40 |##########.##########|
  x=0.45 |#####################|
  x=0.50 |#####################|
  x=0.55 |#####################|
  x=0.60 |#####################|
  x=0.65 |#####################|
  x=0.70 |#####################|
  x=0.75 |#####################|
  x=0.80 |..#################..|
  x=0.85 |....#############....|
  x=0.90 |........#####........|
  x=0.95 |.....................|
  ★ y 전폭(±0.50) 도달 x = 0.45~0.75 m (7행)

=== z = +0.05 m ===   도달 277/336 (82.4%) · x 0.20~0.85 · y -0.50~0.50 · 어깨거리 0.223~0.900 m
  (y = -0.50 … +0.50, 0.05 간격 · '#'=IK 성공)
  x=0.20 |############.########|
  x=0.25 |#####################|
  x=0.30 |#####################|
  x=0.35 |#####################|
  x=0.40 |#####################|
  x=0.45 |#####################|
  x=0.50 |#####################|
  x=0.55 |#####################|
  x=0.60 |#####################|
  x=0.65 |#####################|
  x=0.70 |#####################|
  x=0.75 |.###################.|
  x=0.80 |..#################..|
  x=0.85 |.....###########.....|
  x=0.90 |.....................|
  x=0.95 |.....................|
  ★ y 전폭(±0.50) 도달 x = 0.25~0.70 m (10행)

=== z = +0.10 m ===   도달 272/336 (81.0%) · x 0.20~0.85 · y -0.50~0.50 · 어깨거리 0.206~0.876 m
  (y = -0.50 … +0.50, 0.05 간격 · '#'=IK 성공)
  x=0.20 |###########.#.#######|
  x=0.25 |#####################|
  x=0.30 |#####################|
  x=0.35 |#####################|
  x=0.40 |#####################|
  x=0.45 |#####################|
  x=0.50 |#####################|
  x=0.55 |#####################|
  x=0.60 |#####################|
  x=0.65 |#####################|
  x=0.70 |#####################|
  x=0.75 |.###################.|
  x=0.80 |...###############...|
  x=0.85 |......#########......|
  x=0.90 |.....................|
  x=0.95 |.....................|
  ★ y 전폭(±0.50) 도달 x = 0.25~0.70 m (10행)

=== z = +0.20 m ===   도달 251/336 (74.7%) · x 0.20~0.80 · y -0.50~0.50 · 어깨거리 0.206~0.829 m
  (y = -0.50 … +0.50, 0.05 간격 · '#'=IK 성공)
  x=0.20 |#####################|
  x=0.25 |#####################|
  x=0.30 |#####################|
  x=0.35 |#####################|
  x=0.40 |#####################|
  x=0.45 |#####################|
  x=0.50 |#####################|
  x=0.55 |#####################|
  x=0.60 |#####################|
  x=0.65 |#####################|
  x=0.70 |..#################..|
  x=0.75 |...###############...|
  x=0.80 |......#########......|
  x=0.85 |.....................|
  x=0.90 |.....................|
  x=0.95 |.....................|
  ★ y 전폭(±0.50) 도달 x = 0.20~0.65 m (10행)

=== 총계 · link=pen_tip · timeout=0.005s ===
표본 1344 · IK 성공 1081 · 실패 263 · 성공률 80.4%
  z=+0.00: 도달 281/336 (83.6%) · x 0.20~0.90 · y -0.50~0.50 · 어깨거리 0.254~0.918 m · 전폭도달 x 0.45~0.75
  z=+0.05: 도달 277/336 (82.4%) · x 0.20~0.85 · y -0.50~0.50 · 어깨거리 0.223~0.900 m · 전폭도달 x 0.25~0.70
  z=+0.10: 도달 272/336 (81.0%) · x 0.20~0.85 · y -0.50~0.50 · 어깨거리 0.206~0.876 m · 전폭도달 x 0.25~0.70
  z=+0.20: 도달 251/336 (74.7%) · x 0.20~0.80 · y -0.50~0.50 · 어깨거리 0.206~0.829 m · 전폭도달 x 0.20~0.65
